<dbSystemConfig type="ORACLE">
    <schemas>
        <schema name="DBDEPLOY01" />
    </schemas>
    <environments>
        <!-- Your production database that you reverse-engineered from; do NOT deploy to this environment for your testing!
        DELETE THIS COMMENT AFTER FINISHING ONBOARDING -->
        <dbEnvironment name="prod"
            jdbcUrl="jdbc:oracle:thin:@localhost:1521/ORCLPDB1">
        </dbEnvironment>

        <!-- Please work with this environment instead for your onboarding testing
        DELETE THIS COMMENT AFTER FINISHING ONBOARDING -->
        <dbEnvironment name="dev1" cleanBuildAllowed="true"
            dbHost="myDevHost.me.com" dbPort="1234" dbServer="myServer (if applicable)">

            <!-- To specify a different physical schema, either:
            1) Use the dbSchemaPrefix or dbSchemaSuffix attributes in the <dbEnvironment> element, e.g.
                        <dbEnvironment dbSchemaSuffix="_dev" ...>
            will result in the physical schema being:
                DBDEPLOY01 ==> DBDEPLOY01_dev

            2) Use the schemaOverrides element below to define the physical schema name directly

            <schemaOverrides>
                <schemaOverride schema="DBDEPLOY01" overrideValue="yourDBDEPLOY01InDev"/>
            </schemaOverrides>

            DELETE THIS COMMENT AFTER FINISHING ONBOARDING -->


            <!-- Define tokens here if you so choose

            <tokens>
                <token key="key" value="val"/>
                <token key="key2" value="val2"/>
            </tokens>

            DELETE THIS COMMENT AFTER FINISHING ONBOARDING -->

        </dbEnvironment>
    </environments>
</dbSystemConfig>
