<systemConfig type="MONGODB">
    <schemas>
        <schema name="mydb" />
    </schemas>
    <environments>
        <!-- Your production database that you reverse-engineered from; do NOT deploy to this environment for your testing!
        DELETE THIS COMMENT AFTER FINISHING ONBOARDING -->
        <environment name="prod"
            host="localhost" port="27017">
        </environment>

        <!-- Please work with this environment instead for your onboarding testing
        DELETE THIS COMMENT AFTER FINISHING ONBOARDING -->
        <environment name="dev1" cleanBuildAllowed="true"
            host="myProdHost.me.com" port="27017">

            <!-- To specify a different physical schema, either:
            1) Use the dbSchemaPrefix or dbSchemaSuffix attributes in the <environment> element, e.g.
                        <environment dbSchemaSuffix="_dev" ...>
            will result in the physical schema being:
                mydb ==> mydb_dev

            2) Use the schemaOverrides element below to define the physical schema name directly

            <schemaOverrides>
                <schemaOverride schema="mydb" overrideValue="yourmydbInDev"/>
            </schemaOverrides>

            DELETE THIS COMMENT AFTER FINISHING ONBOARDING -->


            <!-- Define tokens here if you so choose

            <tokens>
                <token key="key" value="val"/>
                <token key="key2" value="val2"/>
            </tokens>

            DELETE THIS COMMENT AFTER FINISHING ONBOARDING -->

        </environment>
    </environments>
</systemConfig>
