<dbSystemConfig type="MYSQL">
    <schemas>
        <schema name="myschema01" />
    </schemas>
    <environments>
        <!-- Your production database that you reverse-engineered from; do NOT deploy to this environment for your testing!
        DELETE THIS COMMENT AFTER FINISHING ONBOARDING -->
        <dbEnvironment name="prod"
            dbHost="myhost.me.com" dbPort="1234" dbServer="myserver">
        </dbEnvironment>

        <!-- Please work with this environment instead for your onboarding testing
        DELETE THIS COMMENT AFTER FINISHING ONBOARDING -->
        <dbEnvironment name="dev1" cleanBuildAllowed="true"
            dbHost="myDevHost.me.com" dbPort="1234" dbServer="myServer">

            <!-- To specify a different physical schema, either:
            1) Use the dbSchemaPrefix or dbSchemaSuffix attributes in the <dbEnvironment> element, e.g.
                        <dbEnvironment dbSchemaSuffix="_dev" ...>
            will result in the physical schema being:
                myschema01 ==> myschema01_dev

            2) Use the schemaOverrides element below to define the physical schema name directly

            <schemaOverrides>
                <schemaOverride schema="myschema01" overrideValue="yourmyschema01InDev"/>
            </schemaOverrides>

            DELETE THIS COMMENT AFTER FINISHING ONBOARDING -->


            <!-- Define tokens here if you so choose

            <tokens>
                <token key="key" value="val"/>
                <token key="key2" value="val2"/>
            </tokens>

            DELETE THIS COMMENT AFTER FINISHING ONBOARDING -->

        </dbEnvironment>
    </environments>
</dbSystemConfig>
